 promiscuous mode
[   45.697915] virbr0: port 1(virbr0-nic) entered blocking state
[   45.697918] virbr0: port 1(virbr0-nic) entered listening state
[   45.697981] IPv6: ADDRCONF(NETDEV_UP): virbr0: link is not ready
[   45.933113] virbr0: port 1(virbr0-nic) entered disabled state
[  768.914403] fuse init (API version 7.22)
[  789.311248] ISO 9660 Extensions: Microsoft Joliet Level 3
[  789.397648] ISO 9660 Extensions: RRIP_1991A
[  795.853632] TCP: lp registered
[26582.451400] hrtimer: interrupt took 4875378 ns
[27201.450745] sched: RT throttling activated
[32321.665204] IPv6: ADDRCONF(NETDEV_UP): ens33: link is not ready
[32321.672147] IPv6: ADDRCONF(NETDEV_UP): ens33: link is not ready
[32321.675361] e1000: ens33 NIC Link is Up 1000 Mbps Full Duplex, Flow Control: None
[32321.676198] IPv6: ADDRCONF(NETDEV_CHANGE): ens33: link becomes ready
[112268.491658] e1000: ens33 NIC Link is Down
[112275.493057] e1000: ens33 NIC Link is Up 1000 Mbps Full Duplex, Flow Control: None
[112291.555014] e1000: ens33 NIC Link is Down
[112298.080652] e1000: ens33 NIC Link is Up 1000 Mbps Full Duplex, Flow Control: None
[    0.000000] Initializing cgroup subsys cpuset
[    0.000000] Initializing cgroup subsys cpu
[    0.000000] Initializing cgroup subsys cpuacct
[    0.000000] Linux version 3.10.0-957.1.3.el7.x86_64 (mockbuild@kbuilder.bsys.centos.org) (gcc version 4.8.5 20150623 (Red Hat 4.8.5-36) (GCC) ) #1 SMP Thu Nov 29 14:49:43 UTC 2018
[    0.000000] Command line: BOOT_IMAGE=/vmlinuz-3.10.0-957.1.3.el7.x86_64 root=/dev/mapper/centos-root ro crashkernel=auto rd.lvm.lv=centos/root rd.lvm.lv=centos/swap rhgb quiet LANG=en_US.UTF-8
[    0.000000] Disabled fast string operations
[    0.000000] e820: BIOS-provided physical RAM map:
[    0.000000] BIOS-e820: [mem 0x0000000000000000-0x000000000009ebff] usable
[    0.000000] BIOS-e820: [mem 0x000000000009ec00-0x000000000009ffff] reserved
[    0.000000] BIOS-e820: [mem 0x00000000000dc000-0x00000000000fffff] reserved
[    0.000000] BIOS-e820: [mem 0x0000000000100000-0x00000000bfecffff] usable
[    0.000000] BIOS-e820: [mem 0x00000000bfed0000-0x00000000bfefefff] ACPI data
[    0.000000] BIOS-e820: [mem 0x00000000bfeff000-0x00000000bfefffff] ACPI NVS
[    0.000000] BIOS-e820: [mem 0x00000000bff00000-0x00000000bfffffff] usable
[    0.000000] BIOS-e820: [mem 0x00000000f0000000-0x00000000f7ffffff] reserved
[    0.000000] BIOS-e820: [mem 0x00000000fec00000-0x00000000fec0ffff] reserved
[    0.000000] BIOS-e820: [mem 0x00000000fee00000-0x00000000fee00fff] reserved
[    0.000000] BIOS-e820: [mem 0x00000000fffe0000-0x00000000ffffffff] reserved
[    0.000000] BIOS-e820: [mem 0x0000000100000000-0x000000013fffffff] usable
[    0.000000] NX (Execute Disable) protection: active
[    0.000000] SMBIOS 2.7 present.
[    0.000000] DMI: VMware, Inc. VMware Virtual Platform/440BX Desktop Reference Platform, BIOS 6.00 05/19/2017
[    0.000000] Hypervisor detected: VMware
[    0.000000] vmware: TSC freq read from hypervisor : 3600.006 MHz
[    0.000000] vmware: Host bus clock speed read from hypervisor : 66000000 Hz
[    0.000000] vmware: using sched offset of 5886596149 ns
[    0.000000] e820: update [mem 0x00000000-0x00000fff] usable ==> reserved
[    0.000000] e820: remove [mem 0x000a0000-0x000fffff] usable
[    0.000000] e820: last_pfn = 0x140000 max_arch_pfn = 0x400000000
[    0.000000] MTRR default type: uncachable
[    0.000000] MTRR fixed ranges enabled:
[    0.000000]   00000-9FFFF write-back
[    0.000000]   A0000-BFFFF uncachable
[    0.000000]   C0000-CBFFF write-protect
[    0.000000]   CC000-EFFFF uncachable
[    0.000000]   F0000-FFFFF write-protect
[    0.000000] MTRR variable ranges enabled:
[    0.000000]   0 base 000C0000000 mask 7FFC0000000 uncachable
[    0.000000]   1 base 00000000000 mask 7E000000000 write-back
[    0.000000]   2 disabled
[    0.000000]   3 disabled
[    0.000000]   4 disabled
[    0.000000]   5 disabled
[    0.000000]   6 disabled
[    0.000000]   7 disabled
[    0.000000] PAT configuration [0-7]: WB  WC  UC- UC  WB  WP  UC- UC  
[    0.000000] original variable MTRRs
[    0.000000] reg 0, base: 3GB, range: 1GB, type UC
[    0.000000] reg 1, base: 0GB, range: 128GB, type WB
[    0.000000] total RAM covered: 130048M
[    0.000000] Found optimal setting for mtrr clean up
[    0.000000]  gran_size: 64K 	chunk_size: 128G 	num_reg: 2  	lose cover RAM: 0G
[    0.000000] New variable MTRRs
[    0.000000] reg 0, base: 0GB, range: 128GB, type WB
[    0.000000] reg 1, base: 3GB, range: 1GB, type UC
[    0.000000] e820: update [mem 0xc0000000-0xffffffff] usable ==> reserved
[    0.000000] e820: last_pfn = 0xc0000 max_arch_pfn = 0x400000000
[    0.000000] found SMP MP-table at [mem 0x000f6a80-0x000f6a8f] mapped at [ffffffffff200a80]
[    0.000000] Base memory trampoline at [ffff888f00098000] 98000 size 24576
[    0.000000] Using GB pages for direct mapping
[    0.000000] BRK [0x120c53000, 0x120c53fff] PGTABLE
[    0.000000] BRK [0x120c54000, 0x120c54fff] PGTABLE
[    0.000000] BRK [0x120c55000, 0x120c55fff] PGTABLE
[    0.000000] BRK [0x120c56000, 0x120c56fff] PGTABLE
[    0.000000] BRK [0x120c57000, 0x120c57fff] PGTABLE
[    0.000000] BRK [0x120c58000, 0x120c58fff] PGTABLE
[    0.000000] RAMDISK: [mem 0x342f8000-0x36173fff]
[    0.000000] Early table checksum verification disabled
[    0.000000] ACPI: RSDP 00000000000f6a10 00024 (v02 PTLTD )
[    0.000000] ACPI: XSDT 00000000bfedd633 0005C (v01 INTEL  440BX    06040000 VMW  01324272)
[    0.000000] ACPI: FACP 00000000bfefee73 000F4 (v04 INTEL  440BX    06040000 PTL  000F4240)
[    0.000000] ACPI: DSDT 00000000bfedeb22 20351 (v01 PTLTD  Custom   06040000 MSFT 03000001)
[    0.000000] ACPI: FACS 00000000bfefffc0 00040
[    0.000000] ACPI: BOOT 00000000bfedeafa 00028 (v01 PTLTD  $SBFTBL$ 06040000  LTP 00000001)
[    0.000000] ACPI: APIC 00000000bfede3b8 00742 (v01 PTLTD  ? APIC   06040000  LTP 00000000)
[    0.000000] ACPI: MCFG 00000000bfede37c 0003C (v01 PTLTD  $PCITBL$ 06040000  LTP 00000001)
[    0.000000] ACPI: SRAT 00000000bfedd72f 008D0 (v02 VMWARE MEMPLUG  06040000 VMW  00000001)
[    0.000000] ACPI: HPET 00000000bfedd6f7 00038 (v01 VMWARE VMW HPET 06040000 VMW  00000001)
[    0.000000] ACPI: WAET 00000000bfedd6cf 00028 (v01 VMWARE VMW WAET 06040000 VMW  00000001)
[    0.000000] ACPI: Local APIC address 0xfee00000
[    0.000000] system APIC only can use physical flat
[    0.000000] Setting APIC routing to physical flat.
[    0.000000] SRAT: PXM 0 -> APIC 0x00 -> Node 0
[    0.000000] SRAT: PXM 0 -> APIC 0x02 -> Node 0
[    0.000000] SRAT: PXM 0 -> APIC 0x04 -> Node 0
[    0.000000] SRAT: PXM 0 -> APIC 0x06 -> Node 0
[    0.000000] SRAT: PXM 0 -> APIC 0x08 -> Node 0
[    0.000000] SRAT: PXM 0 -> APIC 0x0a -> Node 0
[    0.000000] SRAT: PXM 0 -> APIC 0x0c -> Node 0
[    0.000000] SRAT: PXM 0 -> APIC 0x0e -> Node 0
[    0.000000] SRAT: PXM 0 -> APIC 0x10 -> Node 0
[    0.000000] SRAT: PXM 0 -> APIC 0x12 -> Node 0
[    0.000000] SRAT: PXM 0 -> APIC 0x14 -> Node 0
[    0.000000] SRAT: PXM 0 -> APIC 0x16 -> Node 0
[    0.000000] SRAT: PXM 0 -> APIC 0x18 -> Node 0
[    0.000000] SRAT: PXM 0 -> APIC 0x1a -> Node 0
[    0.000000] SRAT: PXM 0 -> APIC 0x1c -> Node 0
[    0.000000] SRAT: PXM 0 -> APIC 0x1e -> Node 0
[    0.000000] SRAT: PXM 0 -> APIC 0x20 -> Node 0
[    0.000000] SRAT: PXM 0 -> APIC 0x22 -> Node 0
[    0.000000] SRAT: PXM 0 -> APIC 0x24 -> Node 0
[    0.000000] SRAT: PXM 0 -> APIC 0x26 -> Node 0
[    0.000000] SRAT: PXM 0 -> APIC 0x28 -> Node 0
[    0.000000] SRAT: PXM 0 -> APIC 0x2a -> Node 0
[    0.000000] SRAT: PXM 0 -> APIC 0x2c -> Node 0
[    0.000000] SRAT: PXM 0 -> APIC 0x2e -> Node 0
[    0.000000] SRAT: PXM 0 -> APIC 0x30 -> Node 0
[    0.000000] SRAT: PXM 0 -> APIC 0x32 -> Node 0
[    0.000000] SRAT: PXM 0 -> APIC 0x34 -> Node 0
[    0.000000] SRAT: PXM 0 -> APIC 0x36 -> Node 0
[    0.000000] SRAT: PXM 0 -> APIC 0x38 -> Node 0
[    0.000000] SRAT: PXM 0 -> APIC 0x3a -> Node 0
[    0.000000] SRAT: PXM 0 -> APIC 0x3c -> Node 0
[    0.000000] SRAT: PXM 0 -> APIC 0x3e -> Node 0
[    0.000000] SRAT: PXM 0 -> APIC 0x40 -> Node 0
[    0.000000] SRAT: PXM 0 -> APIC 0x42 -> Node 0
[    0.000000] SRAT: PXM 0 -> APIC 0x44 -> Node 0
[    0.000000] SRAT: PXM 0 -> APIC 0x46 -> Node 0
[    0.000000] SRAT: PXM 0 -> APIC 0x48 -> Node 0
[    0.000000] SRAT: PXM 0 -> APIC 0x4a -> Node 0
[    0.000000] SRAT: PXM 0 -> APIC 0x4c -> Node 0
[    0.000000] SRAT: PXM 0 -> APIC 0x4e -> Node 0
[    0.000000] SRAT: PXM 0 -> APIC 0x50 -> Node 0
[    0.000000] SRAT: PXM 0 -> APIC 0x52 -> Node 0
[    0.000000] SRAT: PXM 0 -> APIC 0x54 -> Node 0
[    0.000000] SRAT: PXM 0 -> APIC 0x56 -> Node 0
[    0.000000] SRAT: PXM 0 -> APIC 0x58 -> Node 0
[    0.000000] SRAT: PXM 0 -> APIC 0x5a -> Node 0
[    0.000000] SRAT: PXM 0 -> APIC 0x5c -> Node 0
[    0.000000] SRAT: PXM 0 -> APIC 0x5e -> Node 0
[    0.000000] SRAT: PXM 0 -> APIC 0x60 -> Node 0
[    0.000000] SRAT: PXM 0 -> APIC 0x62 -> Node 0
[    0.000000] SRAT: PXM 0 -> APIC 0x64 -> Node 0
[    0.000000] SRAT: PXM 0 -> APIC 0x66 -> Node 0
[    0.000000] SRAT: PXM 0 -> APIC 0x68 -> Node 0
[    0.000000] SRAT: PXM 0 -> APIC 0x6a -> Node 0
[    0.000000] SRAT: PXM 0 -> APIC 0x6c -> Node 0
[    0.000000] SRAT: PXM 0 -> APIC 0x6e -> Node 0
[    0.000000] SRAT: PXM 0 -> APIC 0x70 -> Node 0
[    0.000000] SRAT: PXM 0 -> APIC 0x72 -> Node 0
[    0.000000] SRAT: PXM 0 -> APIC 0x74 -> Node 0
[    0.000000] SRAT: PXM 0 -> APIC 0x76 -> Node 0
[    0.000000] SRAT: PXM 0 -> APIC 0x78 -> Node 0
[    0.000000] SRAT: PXM 0 -> APIC 0x7a -> Node 0
[    0.000000] SRAT: PXM 0 -> APIC 0x7c -> Node 0
[    0.000000] SRAT: PXM 0 -> APIC 0x7e -> Node 0
[    0.000000] SRAT: PXM 0 -> APIC 0x80 -> Node 0
[    0.000000] SRAT: PXM 0 -> APIC 0x82 -> Node 0
[    0.000000] SRAT: PXM 0 -> APIC 0x84 -> Node 0
[    0.000000] SRAT: PXM 0 -> APIC 0x86 -> Node 0
[    0.000000] SRAT: PXM 0 -> APIC 0x88 -> Node 0
[    0.000000] SRAT: PXM 0 -> APIC 0x8a -> Node 0
[    0.000000] SRAT: PXM 0 -> APIC 0x8c -> Node 0
[    0.000000] SRAT: PXM 0 -> APIC 0x8e -> Node 0
[    0.000000] SRAT: PXM 0 -> APIC 0x90 -> Node 0
[    0.000000] SRAT: PXM 0 -> APIC 0x92 -> Node 0
[    0.000000] SRAT: PXM 0 -> APIC 0x94 -> Node 0
[    0.000000] SRAT: PXM 0 -> APIC 0x96 -> Node 0
[    0.000000] SRAT: PXM 0 -> APIC 0x98 -> Node 0
[    0.000000] SRAT: PXM 0 -> APIC 0x9a -> Node 0
[    0.000000] SRAT: PXM 0 -> APIC 0x9c -> Node 0
[    0.000000] SRAT: PXM 0 -> APIC 0x9e -> Node 0
[    0.000000] SRAT: PXM 0 -> APIC 0xa0 -> Node 0
[    0.000000] SRAT: PXM 0 -> APIC 0xa2 -> Node 0
[    0.000000] SRAT: PXM 0 -> APIC 0xa4 -> Node 0
[    0.000000] SRAT: PXM 0 -> APIC 0xa6 -> Node 0
[    0.000000] SRAT: PXM 0 -> APIC 0xa8 -> Node 0
[    0.000000] SRAT: PXM 0 -> APIC 0xaa -> Node 0
[    0.000000] SRAT: PXM 0 -> APIC 0xac -> Node 0
[    0.000000] SRAT: PXM 0 -> APIC 0xae -> Node 0
[    0.000000] SRAT: PXM 0 -> APIC 0xb0 -> Node 0
[    0.000000] SRAT: PXM 0 -> APIC 0xb2 -> Node 0
[    0.000000] SRAT: PXM 0 -> APIC 0xb4 -> Node 0
[    0.000000] SRAT: PXM 0 -> APIC 0xb6 -> Node 0
[    0.000000] SRAT: PXM 0 -> APIC 0xb8 -> Node 0
[    0.000000] SRAT: PXM 0 -> APIC 0xba -> Node 0
[    0.000000] SRAT: PXM 0 -> APIC 0xbc -> Node 0
[    0.000000] SRAT: PXM 0 -> APIC 0xbe -> Node 0
[    0.000000] SRAT: PXM 0 -> APIC 0xc0 -> Node 0
[    0.000000] SRAT: PXM 0 -> APIC 0xc2 -> Node 0
[    0.000000] SRAT: PXM 0 -> APIC 0xc4 -> Node 0
[    0.000000] SRAT: PXM 0 -> APIC 0xc6 -> Node 0
[    0.000000] SRAT: PXM 0 -> APIC 0xc8 -> Node 0
[    0.000000] SRAT: PXM 0 -> APIC 0xca -> Node 0
[    0.000000] SRAT: PXM 0 -> APIC 0xcc -> Node 0
[    0.000000] SRAT: PXM 0 -> APIC 0xce -> Node 0
[    0.000000] SRAT: PXM 0 -> APIC 0xd0 -> Node 0
[    0.000000] SRAT: PXM 0 -> APIC 0xd2 -> Node 0
[    0.000000] SRAT: PXM 0 -> APIC 0xd4 -> Node 0
[    0.000000] SRAT: PXM 0 -> APIC 0xd6 -> Node 0
[    0.000000] SRAT: PXM 0 -> APIC 0xd8 -> Node 0
[    0.000000] SRAT: PXM 0 -> APIC 0xda -> Node 0
[    0.000000] SRAT: PXM 0 -> APIC 0xdc -> Node 0
[    0.000000] SRAT: PXM 0 -> APIC 0xde -> Node 0
[    0.000000] SRAT: PXM 0 -> APIC 0xe0 -> Node 0
[    0.000000] SRAT: PXM 0 -> APIC 0xe2 -> Node 0
[    0.000000] SRAT: PXM 0 -> APIC 0xe4 -> Node 0
[    0.000000] SRAT: PXM 0 -> APIC 0xe6 -> Node 0
[    0.000000] SRAT: PXM 0 -> APIC 0xe8 -> Node 0
[    0.000000] SRAT: PXM 0 -> APIC 0xea -> Node 0
[    0.000000] SRAT: PXM 0 -> APIC 0xec -> Node 0
[    0.000000] SRAT: PXM 0 -> APIC 0xee -> Node 0
[    0.000000] SRAT: PXM 0 -> APIC 0xf0 -> Node 0
[    0.000000] SRAT: PXM 0 -> APIC 0xf2 -> Node 0
[    0.000000] SRAT: PXM 0 -> APIC 0xf4 -> Node 0
[    0.000000] SRAT: PXM 0 -> APIC 0xf6 -> Node 0
[    0.000000] SRAT: PXM 0 -> APIC 0xf8 -> Node 0
[    0.000000] SRAT: PXM 0 -> APIC 0xfa -> Node 0
[    0.000000] SRAT: PXM 0 -> APIC 0xfc -> Node 0
[    0.000000] SRAT: PXM 0 -> APIC 0xfe -> Node 0
[    0.000000] SRAT: Node 0 PXM 0 [mem 0x00000000-0x0009ffff]
[    0.000000] SRAT: Node 0 PXM 0 [mem 0x00100000-0xbfffffff]
[    0.000000] SRAT: Node 0 PXM 0 [mem 0x100000000-0x13fffffff]
[    0.000000] SRAT: Node 0 PXM 0 [mem 0x140000000-0x103fffffff] hotplug
[    0.000000] NUMA: Node 0 [mem 0x00000000-0x0009ffff] + [mem 0x00100000-0xbfffffff] -> [mem 0x00000000-0xbfffffff]
[    0.000000] NUMA: Node 0 [mem 0x00000000-0xbfffffff] + [mem 0x100000000-0x13fffffff] -> [mem 0x00000000-0x13fffffff]
[    0.000000] NODE_DATA(0) allocated [mem 0x13ffd9000-0x13fffffff]
[    0.000000] Reserving 161MB of memory at 672MB for crashkernel (System RAM: 4095MB)
[    0.000000] Zone ranges:
[    0.000000]   DMA      [mem 0x00001000-0x00ffffff]
[    0.000000]   DMA32    [mem 0x01000000-0xffffffff]
[    0.000000]   Normal   [mem 0x100000000-0x13fffffff]
[    0.000000] Movable zone start for each node
[    0.000000] Early memory node ranges
[    0.000000]   node   0: [mem 0x00001000-0x0009dfff]
[    0.000000]   node   0: [mem 0x00100000-0xbfecffff]
[    0.000000]   node   0: [mem 0xbff00000-0xbfffffff]
[    0.000000]   node   0: [mem 0x100000000-0x13fffffff]
[    0.000000] Initmem setup node 0 [mem 0x00001000-0x13fffffff]
[    0.000000] On node 0 totalpages: 1048429
[    0.000000]   DMA zone: 64 pages used for memmap
[    0.000000]   DMA zone: 21 pages reserved
[    0.000000]   DMA zone: 3997 pages, LIFO batch:0
[    0.000000]   DMA32 zone: 12224 pages used for memmap
[    0.000000]   DMA32 zone: 782288 pages, LIFO batch:31
[    0.000000]   Normal zone: 4096 pages used for memmap
[    0.000000]   Normal zone: 262144 pages, LIFO batch:31
[    0.000000] ACPI: PM-Timer IO Port: 0x1008
[    0.000000] ACPI: Local APIC address 0xfee00000
[    0.000000] system APIC only can use physical flat
[    0.000000] ACPI: LAPIC (acpi_id[0x00] lapic_id[0x00] enabled)
[    0.000000] ACPI: LAPIC (acpi_id[0x01] lapic_id[0x02] disabled)
[    0.000000] ACPI: LAPIC (acpi_id[0x02] lapic_id[0x04] disabled)
[    0.000000] ACPI: LAPIC (acpi_id[0x03] lapic_id[0x06] disabled)
[    0.000000] ACPI: LAPIC (acpi_id[0x04] lapic_id[0x08] disabled)
[    0.000000] ACPI: LAPIC (acpi_id[0x05] lapic_id[0x0a] disabled)
[    0.000000] ACPI: LAPIC (acpi_id[0x06] lapic_id[0x0c] disabled)
[    0.000000] ACPI: LAPIC (acpi_id[0x07] lapic_id[0x0e] disabled)
[    0.000000] ACPI: LAPIC (acpi_id[0x08] lapic_id[0x10] disabled)
[    0.000000] ACPI: LAPIC (acpi_id[0x09] lapic_id[0x12] disabled)
[    0.000000] ACPI: LAPIC (acpi_id[0x0a] lapic_id[0x14] disabled)
[    0.000000] ACPI: LAPIC (acpi_id[0x0b] lapic_id[0x16] disabled)
[    0.000000] ACPI: LAPIC (acpi_id[0x0c] lapic_id[0x18] disabled)
[    0.000000] ACPI: LAPIC (acpi_id[0x0d] lapic_id[0x1a] disabled)
[    0.000000] ACPI: LAPIC (acpi_id[0x0e] lapic_id[0x1c] disabled)
[    0.000000] ACPI: LAPIC (acpi_id[0x0f] lapic_id[0x1e] disabled)
[    0.000000] ACPI: LAPIC (acpi_id[0x10] lapic_id[0x20] disabled)
[    0.000000] ACPI: LAPIC (acpi_id[0x11] lapic_id[0x22] disabled)
[    0.000000] ACPI: LAPIC (acpi_id[0x12] lapic_id[0x24] disabled)
[    0.000000] ACPI: LAPIC (acpi_id[0x13] lapic_id[0x26] disabled)
[    0.000000] ACPI: LAPIC (acpi_id[0x14] lapic_id[0x28] disabled)
[    0.000000] ACPI: LAPIC (acpi_id[0x15] lapic_id[0x2a] disabled)
[    0.000000] ACPI: LAPIC (acpi_id[0x16] lapic_id[0x2c] disabled)
[    0.000000] ACPI: LAPIC (acpi_id[0x17] lapic_id[0x2e] disabled)
[    0.000000] ACPI: LAPIC (acpi_id[0x18] lapic_id[0x30] disabled)
[    0.000000] ACPI: LAPIC (acpi_id[0x19] lapic_id[0x32] disabled)
[    0.000000] ACPI: LAPIC (acpi_id[0x1a] lapic_id[0x34] disabled)
[    0.000000] ACPI: LAPIC (acpi_id[0x1b] lapic_id[0x36] disabled)
[    0.000000] ACPI: LAPIC (acpi_id[0x1c] lapic_id[0x38] disabled)
[    0.000000] ACPI: LAPIC (acpi_id[0x1d] lapic_id[0x3a] disabled)
[    0.000000] ACPI: LAPIC (acpi_id[0x1e] lapic_id[0x3c] disabled)
[    0.000000] ACPI: LAPIC (acpi_id[0x1f] lapic_id[0x3e] disabled)
[    0.000000] ACPI: LAPIC (acpi_id[0x20] lapic_id[0x40] disabled)
[    0.000000] ACPI: LAPIC (acpi_id[0x21] lapic_id[0x42] disabled)
[    0.000000] ACPI: LAPIC (acpi_id[0x22] lapic_id[0x44] disabled)
[    0.000000] ACPI: LAPIC (acpi_id[0x23] lapic_id[0x46] disabled)
[    0.000000] ACPI: LAPIC (acpi_id[0x24] lapic_id[0x48] disabled)
[    0.000000] ACPI: LAPIC (acpi_id[0x25] lapic_id[0x4a] disabled)
[    0.000000] ACPI: LAPIC (acpi_id[0x26] lapic_id[0x4c] disabled)
[    0.000000] ACPI: LAPIC (acpi_id[0x27] lapic_id[0x4e] disabled)
[    0.000000] ACPI: LAPIC (acpi_id[0x28] lapic_id[0x50] disabled)
[    0.000000] ACPI: LAPIC (acpi_id[0x29] lapic_id[0x52] disabled)
[    0.000000] ACPI: LAPIC (acpi_id[0x2a] lapic_id[0x54] disabled)
[    0.000000] ACPI: LAPIC (acpi_id[0x2b] lapic_id[0x56] disabled)
[    0.000000] ACPI: LAPIC (acpi_id[0x2c] lapic_id[0x58] disabled)
[    0.000000] ACPI: LAPIC (acpi_id[0x2d] lapic_id[0x5a] disabled)
[    0.000000] ACPI: LAPIC (acpi_id[0x2e] lapic_id[0x5c] disabled)
[    0.000000] ACPI: LAPIC (acpi_id[0x2f] lapic_id[0x5e] disabled)
[    0.000000] ACPI: LAPIC (acpi_id[0x30] lapic_id[0x60] disabled)
[    0.000000] ACPI: LAPIC (acpi_id[0x31] lapic_id[0x62] disabled)
[    0.000000] ACPI: LAPIC (acpi_id[0x32] lapic_id[0x64] disabled)
[    0.000000] ACPI: LAPIC (acpi_id[0x33] lapic_id[0x66] disabled)
[    0.000000] ACPI: LAPIC (acpi_id[0x34] lapic_id[0x68] disabled)
[    0.000000] ACPI: LAPIC (acpi_id[0x35] lapic_id[0x6a] disabled)
[    0.000000] ACPI: LAPIC (acpi_id[0x36] lapic_id[0x6c] disabled)
[    0.000000] ACPI: LAPIC (acpi_id[0x37] lapic_id[0x6e] disabled)
[    0.000000] ACPI: LAPIC (acpi_id[0x38] lapic_id[0x70] disabled)
[    0.000000] ACPI: LAPIC (acpi_id[0x39] lapic_id[0x72] disabled)
[    0.000000] ACPI: LAPIC (acpi_id[0x3a] lapic_id[0x74] disabled)
[    0.000000] ACPI: LAPIC (acpi_id[0x3b] lapic_id[0x76] disabled)
[    0.000000] ACPI: LAPIC (acpi_id[0x3c] lapic_id[0x78] disabled)
[    0.000000] ACPI: LAPIC (acpi_id[0x3d] lapic_id[0x7a] disabled)
[    0.000000] ACPI: LAPIC (acpi_id[0x3e] lapic_id[0x7c] disabled)
[    0.000000] ACPI: LAPIC (acpi_id[0x3f] lapic_id[0x7e] disabled)
[    0.000000] ACPI: LAPIC (acpi_id[0x40] lapic_id[0x80] disabled)
[    0.000000] ACPI: LAPIC (acpi_id[0x41] lapic_id[0x82] disabled)
[    0.000000] ACPI: LAPIC (acpi_id[0x42] lapic_id[0x84] disabled)
[    0.000000] ACPI: LAPIC (acpi_id[0x43] lapic_id[0x86] disabled)
[    0.000000] ACPI: LAPIC (acpi_id[0x44] lapic_id[0x88] disabled)
[    0.000000] ACPI: LAPIC (acpi_id[0x45] lapic_id[0x8a] disabled)
[    0.000000] ACPI: LAPIC (acpi_id[0x46] lapic_id[0x8c] disabled)
[    0.000000] ACPI: LAPIC (acpi_id[0x47] lapic_id[0x8e] disabled)
[    0.000000] ACPI: LAPIC (acpi_id[0x48] lapic_id[0x90] disabled)
[    0.000000] ACPI: LAPIC (acpi_id[0x49] lapic_id[0x92] disabled)
[    0.000000] ACPI: LAPIC (acpi_id[0x4a] lapic_id[0x94] disabled)
[    0.000000] ACPI: LAPIC (acpi_id[0x4b] lapic_id[0x96] disabled)
[    0.000000] ACPI: LAPIC (acpi_id[0x4c] lapic_id[0x98] disabled)
[    0.000000] ACPI: LAPIC (acpi_id[0x4d] lapic_id[0x9a] disabled)
[    0.000000] ACPI: LAPIC (acpi_id[0x4e] lapic_id[0x9c] disabled)
[    0.000000] ACPI: LAPIC (acpi_id[0x4f] lapic_id[0x9e] disabled)
[    0.000000] ACPI: LAPIC (acpi_id[0x50] lapic_id[0xa0] disabled)
[    0.000000] ACPI: LAPIC (acpi_id[0x51] lapic_id[0xa2] disabled)
[    0.000000] ACPI: LAPIC (acpi_id[0x52] lapic_id[0xa4] disabled)
[    0.000000] ACPI: LAPIC (acpi_id[0x53] lapic_id[0xa6] disabled)
[    0.000000] ACPI: LAPIC (acpi_id[0x54] lapic_id[0xa8] disabled)
[    0.000000] ACPI: LAPIC (acpi_id[0x55] lapic_id[0xaa] disabled)
[    0.000000] ACPI: LAPIC (acpi_id[0x56] lapic_id[0xac] disabled)
[    0.000000] ACPI: LAPIC (acpi_id[0x57] lapic_id[0xae] disabled)
[    0.000000] ACPI: LAPIC (acpi_id[0x58] lapic_id[0xb0] disabled)
[    0.000000] ACPI: LAPIC (acpi_id[0x59] lapic_id[0xb2] disabled)
[    0.000000] ACPI: LAPIC (acpi_id[0x5a] lapic_id[0xb4] disabled)
[    0.000000] ACPI: LAPIC (acpi_id[0x5b] lapic_id[0xb6] disabled)
[    0.000000] ACPI: LAPIC (acpi_id[0x5c] lapic_id[0xb8] disabled)
[    0.000000] ACPI: LAPIC (acpi_id[0x5d] lapic_id[0xba] disabled)
[    0.000000] ACPI: LAPIC (acpi_id[0x5e] lapic_id[0xbc] disabled)
[    0.000000] ACPI: LAPIC (acpi_id[0x5f] lapic_id[0xbe] disabled)
[    0.000000] ACPI: LAPIC (acpi_id[0x60] lapic_id[0xc0] disabled)
[    0.000000] ACPI: LAPIC (acpi_id[0x61] lapic_id[0xc2] disabled)
[    0.000000] ACPI: LAPIC (acpi_id[0x62] lapic_id[0xc4] disabled)
[    0.000000] ACPI: LAPIC (acpi_id[0x63] lapic_id[0xc6] disabled)
[    0.000000] ACPI: LAPIC (acpi_id[0x64] lapic_id[0xc8] disabled)
[    0.000000] ACPI: LAPIC (acpi_id[0x65] lapic_id[0xca] disabled)
[    0.000000] ACPI: LAPIC (acpi_id[0x66] lapic_id[0xcc] disabled)
[    0.000000] ACPI: LAPIC (acpi_id[0x67] lapic_id[0xce] disabled)
[    0.000000] ACPI: LAPIC (acpi_id[0x68] lapic_id[0xd0] disabled)
[    0.000000] ACPI: LAPIC (acpi_id[0x69] lapic_id[0xd2] disabled)
[    0.000000] ACPI: LAPIC (acpi_id[0x6a] lapic_id[0xd4] disabled)
[    0.000000] ACPI: LAPIC (acpi_id[0x6b] lapic_id[0xd6] disabled)
[    0.000000] ACPI: LAPIC (acpi_id[0x6c] lapic_id[0xd8] disabled)
[    0.000000] ACPI: LAPIC (acpi_id[0x6d] lapic_id[0xda] disabled)
[    0.000000] ACPI: LAPIC (acpi_id[0x6e] lapic_id[0xdc] disabled)
[    0.000000] ACPI: LAPIC (acpi_id[0x6f] lapic_id[0xde] disabled)
[    0.000000] ACPI: LAPIC (acpi_id[0x70] lapic_id[0xe0] disabled)
[    0.000000] ACPI: LAPIC (acpi_id[0x71] lapic_id[0xe2] disabled)
[    0.000000] ACPI: LAPIC (acpi_id[0x72] lapic_id[0xe4] disabled)
[    0.000000] ACPI: LAPIC (acpi_id[0x73] lapic_id[0xe6] disabled)
[    0.000000] ACPI: LAPIC (acpi_id[0x74] lapic_id[0xe8] disabled)
[    0.000000] ACPI: LAPIC (acpi_id[0x75] lapic_id[0xea] disabled)
[    0.000000] ACPI: LAPIC (acpi_id[0x76] lapic_id[0xec] disabled)
[    0.000000] ACPI: LAPIC (acpi_id[0x77] lapic_id[0xee] disabled)
[    0.000000] ACPI: LAPIC (acpi_id[0x78] lapic_id[0xf0] disabled)
[    0.000000] ACPI: LAPIC (acpi_id[0x79] lapic_id[0xf2] disabled)
[    0.000000] ACPI: LAPIC (acpi_id[0x7a] lapic_id[0xf4] disabled)
[    0.000000] ACPI: LAPIC (acpi_id[0x7b] lapic_id[0xf6] disabled)
[    0.000000] ACPI: LAPIC (acpi_id[0x7c] lapic_id[0xf8] disabled)
[    0.000000] ACPI: LAPIC (acpi_id[0x7d] lapic_id[0xfa] disabled)
[    0.000000] ACPI: LAPIC (acpi_id[0x7e] lapic_id[0xfc] disabled)
[    0.000000] ACPI: LAPIC (acpi_id[0x7f] lapic_id[0xfe] disabled)
[    0.000000] ACPI: LAPIC_NMI (acpi_id[0x00] high edge lint[0x1])
[    0.000000] ACPI: LAPIC_NMI (acpi_id[0x01] high edge lint[0x1])
[    0.000000] ACPI: LAPIC_NMI (acpi_id[0x02] high edge lint[0x1])
[    0.000000] ACPI: LAPIC_NMI (acpi_id[0x03] high edge lint[0x1])
[    0.000000] ACPI: LAPIC_NMI (acpi_id[0x04] high edge lint[0x1])
[    0.000000] ACPI: LAPIC_NMI (acpi_id[0x05] high edge lint[0x1])
[    0.000000] ACPI: LAPIC_NMI (acpi_id[0x06] high edge lint[0x1])
[    0.000000] ACPI: LAPIC_NMI (acpi_id[0x07] high edge lint[0x1])
[    0.000000] ACPI: LAPIC_NMI (acpi_id[0x08] high edge lint[0x1])
[    0.000000] ACPI: LAPIC_NMI (acpi_id[0x09] high edge lint[0x1])
[    0.000000] ACPI: LAPIC_NMI (acpi_id[0x0a] high edge lint[0x1])
[    0.000000] ACPI: LAPIC_NMI (acpi_id[0x0b] high edge lint[0x1])
[    0.000000] ACPI: LAPIC_NMI (acpi_id[0x0c] high edge lint[0x1])
[    0.000000] ACPI: LAPIC_NMI (acpi_id[0x0d] high edge lint[0x1])
[    0.000000] ACPI: LAPIC_NMI (acpi_id[0x0e] high edge lint[0x1])
[    0.000000] ACPI: LAPIC_NMI (acpi_id[0x0f] high edge lint[0x1])
[    0.000000] ACPI: LAPIC_NMI (acpi_id[0x10] high edge lint[0x1])
[    0.000000] ACPI: LAPIC_NMI (acpi_id[0x11] high edge lint[0x1])
[    0.000000] ACPI: LAPIC_NMI (acpi_id[0x12] high edge lint[0x1])
[    0.000000] ACPI: LAPIC_NMI (acpi_id[0x13] high edge lint[0x1])
[    0.000000] ACPI: LAPIC_NMI (acpi_id[0x14] high edge lint[0x1])
[    0.000000] ACPI: LAPIC_NMI (acpi_id[0x15] high edge lint[0x1])
[    0.000000] ACPI: LAPIC_NMI (acpi_id[0x16] high edge lint[0x1])
[    0.000000] ACPI: LAPIC_NMI (acpi_id[0x17] high edge lint[0x1])
[    0.000000] ACPI: LAPIC_NMI (acpi_id[0x18] high edge lint[0x1])
[    0.000000] ACPI: LAPIC_NMI (acpi_id[0x19] high edge lint[0x1])
[    0.000000] ACPI: LAPIC_NMI (acpi_id[0x1a] high edge lint[0x1])
[    0.000000] ACPI: LAPIC_NMI (acpi_id[0x1b] high edge lint[0x1])
[    0.000000] ACPI: LAPIC_NMI (acpi_id[0x1c] high edge lint[0x1])
[    0.000000] ACPI: LAPIC_NMI (acpi_id[0x1d] high edge lint[0x1])
[    0.000000] ACPI: LAPIC_NMI (acpi_id[0x1e] high edge lint[0x1])
[    0.000000] ACPI: LAPIC_NMI (acpi_id[0x1f] high edge lint[0x1])
[    0.000000] ACPI: LAPIC_NMI (acpi_id[0x20] high edge lint[0x1])
[    0.000000] ACPI: LAPIC_NMI (acpi_id[0x21] high edge lint[0x1])
[    0.000000] ACPI: LAPIC_NMI (acpi_id[0x22] high edge lint[0x1])
[    0.000000] ACPI: LAPIC_NMI (acpi_id[0x23] high edge lint[0x1])
[    0.000000] ACPI: LAPIC_NMI (acpi_id[0x24] high edge lint[0x1])
[    0.000000] ACPI: LAPIC_NMI (acpi_id[0x25] high edge lint[0x1])
[    0.000000] ACPI: LAPIC_NMI (acpi_id[0x26] high edge lint[0x1])
[    0.000000] ACPI: LAPIC_NMI (acpi_id[0x27] high edge lint[0x1])
[    0.000000] ACPI: LAPIC_NMI (acpi_id[0x28] high edge lint[0x1])
[    0.000000] ACPI: LAPIC_NMI (acpi_id[0x29] high edge lint[0x1])
[    0.000000] ACPI: LAPIC_NMI (acpi_id[0x2a] high edge lint[0x1])
[    0.000000] ACPI: LAPIC_NMI (acpi_id[0x2b] high edge lint[0x1])
[    0.000000] ACPI: LAPIC_NMI (acpi_id[0x2c] high edge lint[0x1])
[    0.000000] ACPI: LAPIC_NMI (acpi_id[0x2d] high edge lint[0x1])
[    0.000000] ACPI: LAPIC_NMI (acpi_id[0x2e] high edge lint[0x1])
[    0.000000] ACPI: LAPIC_NMI (acpi_id[0x2f] high edge lint[0x1])
[    0.000000] ACPI: LAPIC_NMI (acpi_id[0x30] high edge lint[0x1])
[    0.000000] ACPI: LAPIC_NMI (acpi_id[0x31] high edge lint[0x1])
[    0.000000] ACPI: LAPIC_NMI (acpi_id[0x32] high edge lint[0x1])
[    0.000000] ACPI: LAPIC_NMI (acpi_id[0x33] high edge lint[0x1])
[    0.000000] ACPI: LAPIC_NMI (acpi_id[0x34] high edge lint[0x1])
[    0.000000] ACPI: LAPIC_NMI (acpi_id[0x35] high edge lint[0x1])
[    0.000000] ACPI: LAPIC_NMI (acpi_id[0x36] high edge lint[0x1])
[    0.000000] ACPI: LAPIC_NMI (acpi_id[0x37] high edge lint[0x1])
[    0.000000] ACPI: LAPIC_NMI (acpi_id[0x38] high edge lint[0x1])
[    0.000000] ACPI: LAPIC_NMI (acpi_id[0x39] high edge lint[0x1])
[    0.000000] ACPI: LAPIC_NMI (acpi_id[0x3a] high edge lint[0x1])
[    0.000000] ACPI: LAPIC_NMI (acpi_id[0x3b] high edge lint[0x1])
[    0.000000] ACPI: LAPIC_NMI (acpi_id[0x3c] high edge lint[0x1])
[    0.000000] ACPI: LAPIC_NMI (acpi_id[0x3d] high edge lint[0x1])
[    0.000000] ACPI: LAPIC_NMI (acpi_id[0x3e] high edge lint[0x1])
[    0.000000] ACPI: LAPIC_NMI (acpi_id[0x3f] high edge lint[0x1])
[    0.000000] ACPI: LAPIC_NMI (acpi_id[0x40] high edge lint[0x1])
[    0.000000] ACPI: LAPIC_NMI (acpi_id[0x41] high edge lint[0x1])
[    0.000000] ACPI: LAPIC_NMI (acpi_id[0x42] high edge lint[0x1])
[    0.000000] ACPI: LAPIC_NMI (acpi_id[0x43] high edge lint[0x1])
[    0.000000] ACPI: LAPIC_NMI (acpi_id[0x44] high edge lint[0x1])
[    0.000000] ACPI: LAPIC_NMI (acpi_id[0x45] high edge lint[0x1])
[    0.000000] ACPI: LAPIC_NMI (acpi_id[0x46] high edge lint[0x1])
[    0.000000] ACPI: LAPIC_NMI (acpi_id[0x47] high edge lint[0x1])
[    0.000000] ACPI: LAPIC_NMI (acpi_id[0x48] high edge lint[0x1])
[    0.000000] ACPI: LAPIC_NMI (acpi_id[0x49] high edge lint[0x1])
[    0.000000] ACPI: LAPIC_NMI (acpi_id[0x4a] high edge lint[0x1])
[    0.000000] ACPI: LAPIC_NMI (acpi_id[0x4b] high edge lint[0x1])
[    0.000000] ACPI: LAPIC_NMI (acpi_id[0x4c] high edge lint[0x1])
[    0.000000] ACPI: LAPIC_NMI (acpi_id[0x4d] high edge lint[0x1])
[    0.000000] ACPI: LAPIC_NMI (acpi_id[0x4e] high edge lint[0x1])
[    0.000000] ACPI: LAPIC_NMI (acpi_id[0x4f] high edge lint[0x1])
[    0.000000] ACPI: LAPIC_NMI (acpi_id[0x50] high edge lint[0x1])
[    0.000000] ACPI: LAPIC_NMI (acpi_id[0x51] high edge lint[0x1])
[    0.000000] ACPI: LAPIC_NMI (acpi_id[0x52] high edge lint[0x1])
[    0.000000] ACPI: LAPIC_NMI (acpi_id[0x53] high edge lint[0x1])
[    0.000000] ACPI: LAPIC_NMI (acpi_id[0x54] high edge lint[0x1])
[    0.000000] ACPI: LAPIC_NMI (acpi_id[0x55] high edge lint[0x1])
[    0.000000] ACPI: LAPIC_NMI (acpi_id[0x56] high edge lint[0x1])
[    0.000000] ACPI: LAPIC_NMI (acpi_id[0x57] high edge lint[0x1])
[    0.000000] ACPI: LAPIC_NMI (acpi_id[0x58] high edge lint[0x1])
[    0.000000] ACPI: LAPIC_NMI (acpi_id[0x59] high edge lint[0x1])
[    0.000000] ACPI: LAPIC_NMI (acpi_id[0x5a] high edge lint[0x1])
[    0.000000] ACPI: LAPIC_NMI (acpi_id[0x5b] high edge lint[0x1])
[    0.000000] ACPI: LAPIC_NMI (acpi_id[0x5c] high edge lint[0x1])
[    0.000000] ACPI: LAPIC_NMI (acpi_id[0x5d] high edge lint[0x1])
[    0.000000] ACPI: LAPIC_NMI (acpi_id[0x5e] high edge lint[0x1])
[    0.000000] ACPI: LAPIC_NMI (acpi_id[0x5f] high edge lint[0x1])
[    0.000000] ACPI: LAPIC_NMI (acpi_id[0x60] high edge lint[0x1])
[    0.000000] ACPI: LAPIC_NMI (acpi_id[0x61] high edge lint[0x1])
[    0.000000] ACPI: LAPIC_NMI (acpi_id[0x62] high edge lint[0x1])
[    0.000000] ACPI: LAPIC_NMI (acpi_id[0x63] high edge lint[0x1])
[    0.000000] ACPI: LAPIC_NMI (acpi_id[0x64] high edge lint[0x1])
[    0.000000] ACPI: LAPIC_NMI (acpi_id[0x65] high edge lint[0x1])
[    0.000000] ACPI: LAPIC_NMI (acpi_id[0x66] high edge lint[0x1])
[    0.000000] ACPI: LAPIC_NMI (acpi_id[0x67] high edge lint[0x1])
[    0.000000] ACPI: LAPIC_NMI (acpi_id[0x68] high edge lint[0x1])
[    0.000000] ACPI: LAPIC_NMI (acpi_id[0x69] high edge lint[0x1])
[    0.000000] ACPI: LAPIC_NMI (acpi_id[0x6a] high edge lint[0x1])
[    0.000000] ACPI: LAPIC_NMI (acpi_id[0x6b] high edge lint[0x1])
[    0.000000] ACPI: LAPIC_NMI (acpi_id[0x6c] high edge lint[0x1])
[    0.000000] ACPI: LAPIC_NMI (acpi_id[0x6d] high edge lint[0x1])
[    0.000000] ACPI: LAPIC_NMI (acpi_id[0x6e] high edge lint[0x1])
[    0.000000] ACPI: LAPIC_NMI (acpi_id[0x6f] high edge lint[0x1])
[    0.000000] ACPI: LAPIC_NMI (acpi_id[0x70] high edge lint[0x1])
[    0.000000] ACPI: LAPIC_NMI (acpi_id[0x71] high edge lint[0x1])
[    0.000000] ACPI: LAPIC_NMI (acpi_id[0x72] high edge lint[0x1])
[    0.000000] ACPI: LAPIC_NMI (acpi_id[0x73] high edge lint[0x1])
[    0.000000] ACPI: LAPIC_NMI (acpi_id[0x74] high edge lint[0x1])
[    0.000000] ACPI: LAPIC_NMI (acpi_id[0x75] high edge lint[0x1])
[    0.000000] ACPI: LAPIC_NMI (acpi_id[0x76] high edge lint[0x1])
[    0.000000] ACPI: LAPIC_NMI (acpi_id[0x77] high edge lint[0x1])
[    0.000000] ACPI: LAPIC_NMI (acpi_id[0x78] high edge lint[0x1])
[    0.000000] ACPI: LAPIC_NMI (acpi_id[0x79] high edge lint[0x1])
[    0.000000] ACPI: LAPIC_NMI (acpi_id[0x7a] high edge lint[0x1])
[    0.000000] ACPI: LAPIC_NMI (acpi_id[0x7b] high edge lint[0x1])
[    0.000000] ACPI: LAPIC_NMI (acpi_id[0x7c] high edge lint[0x1])
[    0.000000] ACPI: LAPIC_NMI (acpi_id[0x7d] high edge lint[0x1])
[    0.000000] ACPI: LAPIC_NMI (acpi_id[0x7e] high edge lint[0x1])
[    0.000000] ACPI: LAPIC_NMI (acpi_id[0x7f] high edge lint[0x1])
[    0.000000] ACPI: IOAPIC (id[0x01] address[0xfec00000] gsi_base[0])
[    0.000000] IOAPIC[0]: apic_id 1, version 32, address 0xfec00000, GSI 0-23
[    0.000000] ACPI: INT_SRC_OVR (bus 0 bus_irq 0 global_irq 2 high edge)
[    0.000000] ACPI: IRQ0 used by override.
[    0.000000] ACPI: IRQ9 used by override.
[    0.000000] Using ACPI (MADT) for SMP configuration information
[    0.000000] ACPI: HPET id: 0x8086af01 base: 0xfed00000
[    0.000000] smpboot: Allowing 128 CPUs, 127 hotplug CPUs
[    0.000000] PM: Registered nosave memory: [mem 0x0009e000-0x0009efff]
[    0.000000] PM: Registered nosave memory: [mem 0x0009f000-0x0009ffff]
[    0.000000] PM: Registered nosave memory: [mem 0x000a0000-0x000dbfff]
[    0.000000] PM: Registered nosave memory: [mem 0x000dc000-0x000fffff]
[    0.000000] PM: Registered nosave memory: [mem 0xbfed0000-0xbfefefff]
[    0.000000] PM: Registered nosave memory: [mem 0xbfeff000-0xbfefffff]
[    0.000000] PM: Registered nosave memory: [mem 0xc0000000-0xefffffff]
[    0.000000] PM: Registered nosave memory: [mem 0xf0000000-0xf7ffffff]
[    0.000000] PM: Registered nosave memory: [mem 0xf8000000-0xfebfffff]
[    0.000000] PM: Registered nosave memory: [mem 0xfec00000-0xfec0ffff]
[    0.000000] PM: Registered nosave memory: [mem 0xfec10000-0xfedfffff]
[    0.000000] PM: Registered nosave memory: [mem 0xfee00000-0xfee00fff]
[    0.000000] PM: Registered nosave memory: [mem 0xfee01000-0xfffdffff]
[    0.000000] PM: Registered nosave memory: [mem 0xfffe0000-0xffffffff]
[    0.000000] e820: [mem 0xc0000000-0xefffffff] available for PCI devices
[    0.000000] Booting paravirtualized kernel on VMware hypervisor
[    0.000000] setup_percpu: NR_CPUS:5120 nr_cpumask_bits:128 nr_cpu_ids:128 nr_node_ids:1
[    0.000000] PERCPU: Embedded 38 pages/cpu @ffff889039600000 s118784 r8192 d28672 u262144
[    0.000000] pcpu-alloc: s118784 r8192 d28672 u262144 alloc=1*2097152
[    0.000000] pcpu-alloc: [0] 000 001 002 003 004 005 006 007 
[    0.000000] pcpu-alloc: [0] 008 009 010 011 012 013 014 015 
[    0.000000] pcpu-alloc: [0] 016 017 018 019 020 021 022 023 
[    0.000000] pcpu-alloc: [0] 024 025 026 027 028 029 030 031 
[    0.000000] pcpu-alloc: [0] 032 033 034 035 036 037 038 039 
[    0.000000] pcpu-alloc: [0] 040 041 042 043 044 045 046 047 
[    0.000000] pcpu-alloc: [0] 048 049 050 051 052 053 054 055 
[    0.000000] pcpu-alloc: [0] 056 057 058 059 060 061 062 063 
[    0.000000] pcpu-alloc: [0] 064 065 066 067 068 069 070 071 
[    0.000000] pcpu-alloc: [0] 072 073 074 075 076 077 078 079 
[    0.000000] pcpu-alloc: [0] 080 081 082 083 084 085 086 087 
[    0.000000] pcpu-alloc: [0] 088 089 090 091 092 093 094 095 
[    0.000000] pcpu-alloc: [0] 096 097 098 099 100 101 102 103 
[    0.000000] pcpu-alloc: [0] 104 105 106 107 108 109 110 111 
[    0.000000] pcpu-alloc: [0] 112 113 114 115 116 117 118 119 
[    0.000000] pcpu-alloc: [0] 120 121 122 123 124 125 126 127 
[    0.000000] Built 1 zonelists in Node order, mobility grouping on.  Total pages: 1032024
[    0.000000] Policy zone: Normal
[    0.000000] Kernel command line: BOOT_IMAGE=/vmlinuz-3.10.0-957.1.3.el7.x86_64 root=/dev/mapper/centos-root ro crashkernel=auto rd.lvm.lv=centos/root rd.lvm.lv=centos/swap rhgb quiet LANG=en_US.UTF-8
[    0.000000] PID hash table entries: 4096 (order: 3, 32768 bytes)
[    0.000000] x86/fpu: xstate_offset[2]: 0240, xstate_sizes[2]: 0100
[    0.000000] x86/fpu: xstate_offset[3]: 03c0, xstate_sizes[3]: 0040
[    0.000000] x86/fpu: xstate_offset[4]: 0400, xstate_sizes[4]: 0040
[    0.000000] xsave: enabled xstate_bv 0x1f, cntxt size 0x440 using standard form
[    0.000000] Memory: 3827284k/5242880k available (7664k kernel code, 1049164k absent, 366432k reserved, 6055k data, 1876k init)
[    0.000000] SLUB: HWalign=64, Order=0-3, MinObjects=0, CPUs=128, Nodes=1
[    0.000000] x86/pti: Unmapping kernel while in userspace
[    0.000000] Hierarchical RCU implementation.
[    0.000000] 	RCU restricting CPUs from NR_CPUS=5120 to nr_cpu_ids=128.
[    0.000000] NR_IRQS:327936 nr_irqs:1448 0
[    0.000000] Console: colour VGA+ 80x25
[    0.000000] console [tty0] enabled
[    0.000000] allocated 16777216 bytes of page_cgroup
[    0.000000] please try 'cgroup_disable=memory' option if you don't want memory cgroups
[    0.000000] hpet clockevent registered
[    0.000000] tsc: Detected 3600.006 MHz processor
[    0.738965] Calibrating delay loop (skipped) preset value.. 7200.01 BogoMIPS (lpj=3600006)
[    0.738969] pid_max: default: 131072 minimum: 1024
[    0.739068] Security Framework initialized
[    0.739079] SELinux:  Initializing.
[    0.739095] SELinux:  Starting in permissive mode
[    0.739096] Yama: becoming mindful.
[    0.739452] Dentry cache hash table entries: 524288 (order: 10, 4194304 bytes)
[    0.757493] Inode-cache hash table entries: 262144 (order: 9, 2097152 bytes)
[    0.766160] Mount-cache hash table entries: 8192 (order: 4, 65536 bytes)
[    0.766163] Mountpoint-cache hash table entries: 8192 (order: 4, 65536 bytes)
[    0.767666] Initializing cgroup subsys memory
[    0.767672] Initializing cgroup subsys devices
[    0.767673] Initializing cgroup subsys freezer
[    0.767674] Initializing cgroup subsys net_cls
[    0.767675] Initializing cgroup subsys blkio
[    0.767677] Initializing cgroup subsys perf_event
[    0.767680] Initializing cgroup subsys hugetlb
[    0.767682] Initializing cgroup subsys pids
[    0.767683] Initializing cgroup subsys net_prio
[    0.767763] Disabled fast string operations
[    0.768657] mce: CPU supports 8 MCE banks
[    0.768748] Last level iTLB entries: 4KB 0, 2MB 0, 4MB 0
[    0.768749] Last level dTLB entries: 4KB 64, 2MB 0, 4MB 0
[    0.768750] tlb_flushall_shift: 6
[    0.768758] Speculative Store Bypass: Vulnerable
[    0.768795] FEATURE SPEC_CTRL Present
[    0.768796] FEATURE IBPB_SUPPORT Present
[    0.768799] Spectre V2 : Mitigation: IBRS (kernel)
[    0.788327] ACPI: Core revision 20130517
[    0.800927] ACPI: All ACPI Tables successfully acquired
[    0.801816] ftrace: allocating 29188 entries in 115 pages
[    0.824516] Enabling x2apic
[    0.824549] Enabled x2apic
[    0.824596] Switched APIC routing to physical x2apic.
[    0.824897] ..TIMER: vector=0x30 apic1=0 pin1=2 apic2=-1 pin2=-1
[    0.824898] smpboot: CPU0: Intel(R) Core(TM) i7-7700 CPU @ 3.60GHz (fam: 06, model: 9e, stepping: 09)
[    0.824912] TSC deadline timer enabled
[    0.824935] Performance Events: Skylake events, core PMU driver.
[    0.824946] core: CPUID marked event: 'cpu cycles' unavailable
[    0.824946] core: CPUID marked event: 'instructions' unavailable
[    0.824947] core: CPUID marked event: 'bus cycles' unavailable
[    0.824947] core: CPUID marked event: 'cache references' unavailable
[    0.824948] core: CPUID marked event: 'cache misses' unavailable
[    0.824948] core: CPUID marked event: 'branch instructions' unavailable
[    0.824948] core: CPUID marked event: 'branch misses' unavailable
[    0.824950] ... version:                1
[    0.824950] ... bit width:              48
[    0.824951] ... generic registers:      4
[    0.824951] ... value mask:             0000ffffffffffff
[    0.824952] ... max period:             000000007fffffff
[    0.824952] ... fixed-purpose events:   0
[    0.824952] ... event mask:             000000000000000f
[    0.832227] NMI watchdog: disabled (cpu0): hardware events not enabled
[    0.832228] NMI watchdog: Shutting down hard lockup detector on all cpus
[    0.840324] Brought up 1 CPUs
[    0.840327] smpboot: Max logical packages: 128
[    0.840328] smpboot: Total of 1 processors activated (7200.01 BogoMIPS)
[    0.843277] devtmpfs: initialized
[    0.845502] EVM: security.selinux
[    0.845503] EVM: security.ima
[    0.845504] EVM: security.capability
[    0.845964] PM: Registering ACPI NVS region [mem 0xbfeff000-0xbfefffff] (4096 bytes)
[    0.847028] atomic64 test passed for x86-64 platform with CX8 and with SSE
[    0.847031] pinctrl core: initialized pinctrl subsystem
[    0.847121] RTC time: 13:49:04, date: 12/06/18
[    0.847636] NET: Registered protocol family 16
[    0.847975] ACPI: bus type PCI registered
[    0.847976] acpiphp: ACPI Hot Plug PCI Controller Driver version: 0.5
[    0.848136] PCI: MMCONFIG for domain 0000 [bus 00-7f] at [mem 0xf0000000-0xf7ffffff] (base 0xf0000000)
[    0.848138] PCI: MMCONFIG at [mem 0xf0000000-0xf7ffffff] reserved in E820
[    0.848142] pmd_set_huge: Cannot satisfy [mem 0xf0000000-0xf0200000] with a huge-page mapping due to MTRR override.
[    0.849358] PCI: Using configuration type 1 for base access
[    0.851163] ACPI: Added _OSI(Module Device)
[    0.851165] ACPI: Added _OSI(Processor Device)
[    0.851165] ACPI: Added _OSI(3.0 _SCP Extensions)
[    0.851166] ACPI: Added _OSI(Processor Aggregator Device)
[    0.851167] ACPI: Added _OSI(Linux-Dell-Video)
[    0.853958] ACPI: EC: Look up EC in DSDT
[    0.859148] ACPI: [Firmware Bug]: BIOS _OSI(Linux) query ignored
[    0.868759] ACPI: Interpreter enabled
[    0.868767] ACPI: (supports S0 S1 S4 S5)
[    0.868768] ACPI: Using IOAPIC for interrupt routing
[    0.868780] PCI: Using host bridge windows from ACPI; if necessary, use "pci=nocrs" and report a bug
[    0.868931] ACPI: Enabled 4 GPEs in block 00 to 0F
[    0.978377] ACPI: PCI Root Bridge [PCI0] (domain 0000 [bus 00-7f])
[    0.978382] acpi PNP0A03:00: _OSC: OS supports [ExtendedConfig ASPM ClockPM Segments MSI]
[    0.978494] acpi PNP0A03:00: _OSC: platform does not support [AER]
[    0.978602] acpi PNP0A03:00: _OSC: OS now controls [PCIeHotplug SHPCHotplug PME PCIeCapability]
[    0.979867] PCI host bridge to bus 0000:00
[    0.979869] pci_bus 0000:00: root bus resource [mem 0x000a0000-0x000bffff window]
[    0.979870] pci_bus 0000:00: root bus resource [mem 0x000cc000-0x000cffff window]
[    0.979870] pci_bus 0000:00: root bus resource [mem 0x000d0000-0x000d3fff window]
[    0.979871] pci_bus 0000:00: root bus resource [mem 0x000d4000-0x000d7fff window]
[    0.979872] pci_bus 0000:00: root bus resource [mem 0x000d8000-0x000dbfff window]
[    0.979872] pci_bus 0000:00: root bus resource [mem 0xc0000000-0xfebfffff window]
[    0.979873] pci_bus 0000:00: root bus resource [io  0x0000-0x0cf7 window]
[    0.979874] pci_bus 0000:00: root bus resource [io  0x0d00-0xfeff window]
[    0.979875] pci_bus 0000:00: root bus resource [bus 00-7f]
[    0.979914] pci 0000:00:00.0: [8086:7190] type 00 class 0x060000
[    0.980635] pci 0000:00:01.0: [8086:7191] type 01 class 0x060400
[    0.981052] pci 0000:00:07.0: [8086:7110] type 00 class 0x060100
[    0.981585] pci 0000:00:07.1: [8086:7111] type 00 class 0x01018a
[    0.982421] pci 0000:00:07.1: reg 0x20: [io  0x1060-0x106f]
[    0.982768] pci 0000:00:07.1: legacy IDE quirk: reg 0x10: [io  0x01f0-0x01f7]
[    0.982769] pci 0000:00:07.1: legacy IDE quirk: reg 0x14: [io  0x03f6]
[    0.982769] pci 0000:00:07.1: legacy IDE quirk: reg 0x18: [io  0x0170-0x0177]
[    0.982770] pci 0000:00:07.1: legacy IDE quirk: reg 0x1c: [io  0x0376]
[    0.982948] pci 0000:00:07.3: [8086:7113] type 00 class 0x068000
[    0.983978] pci 0000:00:07.3: quirk: [io  0x1000-0x103f] claimed by PIIX4 ACPI
[    0.983987] pci 0000:00:07.3: quirk: [io  0x1040-0x104f] claimed by PIIX4 SMB
[    0.984221] pci 0000:00:07.7: [15ad:0740] type 00 class 0x088000
[    0.984623] pci 0000:00:07.7: reg 0x10: [io  0x1080-0x10bf]
[    0.984994] pci 0000:00:07.7: reg 0x14: [mem 0xfebfe000-0xfebfffff 64bit]
[    0.986792] pci 0000:00:0f.0: [15ad:0405] type 00 class 0x030000
[    0.987856] pci 0000:00:0f.0: reg 0x10: [io  0x1070-0x107f]
[    0.988773] pci 0000:00:0f.0: reg 0x14: [mem 0xe8000000-0xefffffff pref]
[    0.989690] pci 0000:00:0f.0: reg 0x18: [mem 0xfe000000-0xfe7fffff]
[    0.993446] pci 0000:00:0f.0: reg 0x30: [mem 0x00000000-0x00007fff pref]
[    0.993806] pci 0000:00:10.0: [1000:0030] type 00 class 0x010000
[    0.994387] pci 0000:00:10.0: reg 0x10: [io  0x1400-0x14ff]
[    0.994944] pci 0000:00:10.0: reg 0x14: [mem 0xfeba0000-0xfebbffff 64bit]
[    0.995510] pci 0000:00:10.0: reg 0x1c: [mem 0xfebc0000-0xfebdffff 64bit]
[    0.996571] pci 0000:00:10.0: reg 0x30: [mem 0x00000000-0x00003fff pref]
[    0.996877] pci 0000:00:11.0: [15ad:0790] type 01 class 0x060401
[    0.997300] pci 0000:00:11.0: System wakeup disabled by ACPI
[    0.997620] pci 0000:00:15.0: [15ad:07a0] type 01 class 0x060400
[    0.998157] pci 0000:00:15.0: PME# supported from D0 D3hot D3cold
[    0.998274] pci 0000:00:15.0: System wakeup disabled by ACPI
[    0.998367] pci 0000:00:15.1: [15ad:07a0] type 01 class 0x060400
[    0.998905] pci 0000:00:15.1: PME# supported from D0 D3hot D3cold
[    0.999028] pci 0000:00:15.1: System wakeup disabled by ACPI
[    0.999188] pci 0000:00:15.2: [15ad:07a0] type 01 class 0x060400
[    0.999972] pci 0000:00:15.2: PME# supported from D0 D3hot D3cold
[    1.000095] pci 0000:00:15.2: System wakeup disabled by ACPI
[    1.000222] pci 0000:00:15.3: [15ad:07a0] type 01 class 0x060400
[    1.000760] pci 0000:00:15.3: PME# supported from D0 D3hot D3cold
[    1.000876] pci 0000:00:15.3: System wakeup disabled by ACPI
[    1.000967] pci 0000:00:15.4: [15ad:07a0] type 01 class 0x060400
[    1.001505] pci 0000:00:15.4: PME# supported from D0 D3hot D3cold
[    1.001656] pci 0000:00:15.4: System wakeup disabled by ACPI
[    1.001796] pci 0000:00:15.5: [15ad:07a0] type 01 class 0x060400
[    1.002546] pci 0000:00:15.5: PME# supported from D0 D3hot D3cold
[    1.002680] pci 0000:00:15.5: System wakeup disabled by ACPI
[    1.002813] pci 0000:00:15.6: [15ad:07a0] type 01 class 0x060400
[    1.003353] pci 0000:00:15.6: PME# supported from D0 D3hot D3cold
[    1.003473] pci 0000:00:15.6: System wakeup disabled by ACPI
[    1.003565] pci 0000:00:15.7: [15ad:07a0] type 01 class 0x060400
[    1.004102] pci 0000:00:15.7: PME# supported from D0 D3hot D3cold
[    1.004219] pci 0000:00:15.7: System wakeup disabled by ACPI
[    1.004509] pci 0000:00:16.0: [15ad:07a0] type 01 class 0x060400
[    1.005048] pci 0000:00:16.0: PME# supported from D0 D3hot D3cold
[    1.005165] pci 0000:00:16.0: System wakeup disabled by ACPI
[    1.005312] pci 0000:00:16.1: [15ad:07a0] type 01 class 0x060400
[    1.005850] pci 0000:00:16.1: PME# supported from D0 D3hot D3cold
[    1.005966] pci 0000:00:16.1: System wakeup disabled by ACPI
[    1.006065] pci 0000:00:16.2: [15ad:07a0] type 01 class 0x060400
[    1.006601] pci 0000:00:16.2: PME# supported from D0 D3hot D3cold
[    1.006717] pci 0000:00:16.2: System wakeup disabled by ACPI
[    1.006857] pci 0000:00:16.3: [15ad:07a0] type 01 class 0x060